[backblue.gif]
[fade.gif]
[index.html]
[thegenius.co/html/weddlist/version-1/images/favicon.ico]
[thegenius.co/html/weddlist/version-1/css/bootstrap.min.css]
[thegenius.co/html/weddlist/version-1/revolution/css/settings.css]
[thegenius.co/html/weddlist/version-1/revolution/css/layers.css]
[thegenius.co/html/weddlist/version-1/css/font-awesome.min.css]
[thegenius.co/html/weddlist/version-1/css/menumaker.css]
[thegenius.co/html/weddlist/version-1/css/owl.carousel.css]
[thegenius.co/html/weddlist/version-1/css/magnific-popup.css]
[thegenius.co/html/weddlist/version-1/css/datepicker.css]
[thegenius.co/html/weddlist/version-1/css/flaticon.css]
[thegenius.co/html/weddlist/version-1/css/style.css]
[thegenius.co/html/weddlist/version-1/css/stucture.css]
[thegenius.co/html/weddlist/version-1/images/logo.png]
[thegenius.co/html/weddlist/version-1/images/slider/slider-1.jpg]
[thegenius.co/html/weddlist/version-1/images/slider/slider-3.jpg]
[thegenius.co/html/weddlist/version-1/images/slider/blurflake4.png]
[thegenius.co/html/weddlist/version-1/images/slider/blurflake3.png]
[thegenius.co/html/weddlist/version-1/images/slider/blurflake2.png]
[thegenius.co/html/weddlist/version-1/images/slider/blurflake1.png]
[thegenius.co/html/weddlist/version-1/images/slider/slider-4.jpg]
[thegenius.co/html/weddlist/version-1/images/slider/slider-2.jpg]
[thegenius.co/html/weddlist/version-1/images/wedding-plan-1.jpg]
[thegenius.co/html/weddlist/version-1/images/wedding-plan-2.jpg]
[thegenius.co/html/weddlist/version-1/images/wedding-plan-3.jpg]
[thegenius.co/html/weddlist/version-1/images/wedding-location/location-1.jpg]
[thegenius.co/html/weddlist/version-1/images/wedding-location/location-2.jpg]
[thegenius.co/html/weddlist/version-1/images/wedding-location/location-3.jpg]
[thegenius.co/html/weddlist/version-1/images/wedding-location/location-4.jpg]
[thegenius.co/html/weddlist/version-1/images/wedding-location/location-5.jpg]
[thegenius.co/html/weddlist/version-1/images/gallery-1.jpg]
[thegenius.co/html/weddlist/version-1/images/gallery-2.jpg]
[thegenius.co/html/weddlist/version-1/images/gallery-3.jpg]
[thegenius.co/html/weddlist/version-1/images/gallery-4.jpg]
[thegenius.co/html/weddlist/version-1/images/gallery-5.jpg]
[thegenius.co/html/weddlist/version-1/images/feature-wedd-1.jpg]
[thegenius.co/html/weddlist/version-1/images/feature-wedd-2.jpg]
[thegenius.co/html/weddlist/version-1/images/feature-wedd-3.jpg]
[thegenius.co/html/weddlist/version-1/images/bg/call-out-parr.jpg]
[thegenius.co/html/weddlist/version-1/images/why-choose.png]
[thegenius.co/html/weddlist/version-1/images/bg/testimonial-bg.jpg]
[thegenius.co/html/weddlist/version-1/images/testi-1.png]
[thegenius.co/html/weddlist/version-1/images/testi-2.png]
[thegenius.co/html/weddlist/version-1/images/news-update-1.jpg]
[thegenius.co/html/weddlist/version-1/images/news-update-2.jpg]
[thegenius.co/html/weddlist/version-1/images/news-update-3.jpg]
[thegenius.co/html/weddlist/version-1/images/footer-news-1.jpg]
[thegenius.co/html/weddlist/version-1/images/footer-news-2.jpg]
[thegenius.co/html/weddlist/version-1/js/jquery.min.js]
[thegenius.co/html/weddlist/version-1/js/bootstrap.min.js]
[thegenius.co/html/weddlist/version-1/js/owl.carousel.js]
[thegenius.co/html/weddlist/version-1/js/jquery.ajaxchimp.js]
[thegenius.co/html/weddlist/version-1/js/smooth-scroll.js]
[thegenius.co/html/weddlist/version-1/js/jquery.magnific-popup.min.js]
[thegenius.co/html/weddlist/version-1/js/waypoints.min.js]
[thegenius.co/html/weddlist/version-1/js/jquery.counterup.js]
[thegenius.co/html/weddlist/version-1/js/menumaker.js]
[thegenius.co/html/weddlist/version-1/js/jquery.share-tooltip.js]
[thegenius.co/html/weddlist/version-1/js/price-slider.js]
[thegenius.co/html/weddlist/version-1/js/bootstrap-datepicker.js]
[thegenius.co/html/weddlist/version-1/revolution/js/jquery.themepunch.tools.min.js]
[thegenius.co/html/weddlist/version-1/revolution/js/jquery.themepunch.revolution.min.js]
[thegenius.co/html/weddlist/version-1/revolution/js/extensions/revolution.extension.actions.min.js]
[thegenius.co/html/weddlist/version-1/revolution/js/extensions/revolution.extension.kenburn.min.js]
[thegenius.co/html/weddlist/version-1/revolution/js/extensions/revolution.extension.layeranimation.min.js]
[thegenius.co/html/weddlist/version-1/revolution/js/extensions/revolution.extension.navigation.min.js]
[thegenius.co/html/weddlist/version-1/revolution/js/extensions/revolution.extension.parallax.min.js]
[thegenius.co/html/weddlist/version-1/revolution/js/extensions/revolution.extension.slideanims.min.js]
[thegenius.co/html/weddlist/version-1/js/theme.js]
[thegenius.co/html/weddlist/version-1/index.html]
[thegenius.co/html/weddlist/version-1/fonts/glyphicons-halflings-regular.eot]
[thegenius.co/html/weddlist/version-1/fonts/glyphicons-halflings-regulard41d.eot]
[thegenius.co/html/weddlist/version-1/fonts/glyphicons-halflings-regular.woff]
[thegenius.co/html/weddlist/version-1/fonts/glyphicons-halflings-regular.ttf]
[thegenius.co/html/weddlist/version-1/css/bootstrap.min.css]
[thegenius.co/html/weddlist/version-1/revolution/fonts/revicons/revicons90c6.eot]
[thegenius.co/html/weddlist/version-1/revolution/fonts/revicons/revicons90c6.woff]
[thegenius.co/html/weddlist/version-1/revolution/fonts/revicons/revicons90c6.ttf]
[thegenius.co/html/weddlist/version-1/revolution/assets/gridtile_3x3.png]
[thegenius.co/html/weddlist/version-1/revolution/assets/gridtile_3x3_white.png]
[thegenius.co/html/weddlist/version-1/revolution/assets/coloredbg.png]
[thegenius.co/html/weddlist/version-1/revolution/assets/loader.gif]
[thegenius.co/html/weddlist/version-1/revolution/css/settings.css]
[thegenius.co/html/weddlist/version-1/revolution/css/layers.css]
[thegenius.co/html/weddlist/version-1/fonts/fontawesome-webfont3e6e.eot]
[thegenius.co/html/weddlist/version-1/fonts/fontawesome-webfontd41d.eot]
[thegenius.co/html/weddlist/version-1/fonts/fontawesome-webfont3e6e.woff]
[thegenius.co/html/weddlist/version-1/fonts/fontawesome-webfont3e6e.ttf]
[thegenius.co/html/weddlist/version-1/css/font-awesome.min.css]
[thegenius.co/html/weddlist/version-1/css/menumaker.css]
[thegenius.co/html/weddlist/version-1/css/owl.carousel.css]
[thegenius.co/html/weddlist/version-1/css/magnific-popup.css]
[thegenius.co/html/weddlist/version-1/css/datepicker.css]
[thegenius.co/html/weddlist/version-1/fonts/Flaticon.eot]
[thegenius.co/html/weddlist/version-1/fonts/Flaticond41d.eot]
[thegenius.co/html/weddlist/version-1/fonts/Flaticon.woff]
[thegenius.co/html/weddlist/version-1/fonts/Flaticon.ttf]
[thegenius.co/html/weddlist/version-1/css/flaticon.css]
[thegenius.co/html/weddlist/version-1/images/logo-2.png]
[thegenius.co/html/weddlist/version-1/css/style.css]
[thegenius.co/html/weddlist/version-1/css/stucture.css]
[thegenius.co/html/weddlist/version-1/images/banner.jpg]
[thegenius.co/html/weddlist/version-1/images/contact-us/contact-icon-1.png]
[thegenius.co/html/weddlist/version-1/images/contact-us/contact-icon-2.png]
[thegenius.co/html/weddlist/version-1/images/contact-us/contact-icon-3.png]
[thegenius.co/html/weddlist/version-1/help.html]
[thegenius.co/html/weddlist/version-1/images/pricing-table/pricing-table-1.jpg]
[thegenius.co/html/weddlist/version-1/pricing-plan.html]
[thegenius.co/html/weddlist/version-1/images/about-us/about-us-main.png]
[thegenius.co/html/weddlist/version-1/images/vendor-profile-1.jpg]
[thegenius.co/html/weddlist/version-1/images/vendor-profile-2.jpg]
[thegenius.co/html/weddlist/version-1/images/vendor-profile-3.jpg]
[thegenius.co/html/weddlist/version-1/images/vendor-profile-4.jpg]
[thegenius.co/html/weddlist/version-1/about-us.html]
[thegenius.co/html/weddlist/version-1/images/about-us-2/why-ch-icon-bg.png]
[thegenius.co/html/weddlist/version-1/images/about-us-2/weddlist.png]
[thegenius.co/html/weddlist/version-1/about-us-2.html]
[thegenius.co/html/weddlist/version-1/images/blog-page/blog-1.jpg]
[thegenius.co/html/weddlist/version-1/images/blog-page/blog-2.jpg]
[thegenius.co/html/weddlist/version-1/images/blog-page/blog-3.jpg]
[thegenius.co/html/weddlist/version-1/images/blog-page/blog-4.jpg]
[thegenius.co/html/weddlist/version-1/images/blog-page/blog-5.jpg]
[thegenius.co/html/weddlist/version-1/images/blog-page/latest-news-1.jpg]
[thegenius.co/html/weddlist/version-1/images/blog-page/latest-news-2.jpg]
[thegenius.co/html/weddlist/version-1/images/blog-page/latest-news-3.jpg]
[thegenius.co/html/weddlist/version-1/blog.html]
[thegenius.co/html/weddlist/version-1/images/blog-single-page/blog-single-1.jpg]
[thegenius.co/html/weddlist/version-1/images/blog-single-page/blog-single-2.jpg]
[thegenius.co/html/weddlist/version-1/images/blog-single-page/blog-single-3.jpg]
[thegenius.co/html/weddlist/version-1/images/blog-single-page/blog-related-1.jpg]
[thegenius.co/html/weddlist/version-1/images/blog-single-page/blog-related-2.jpg]
[thegenius.co/html/weddlist/version-1/images/blog-single-page/blog-related-3.jpg]
[thegenius.co/html/weddlist/version-1/images/blog-single-page/blog-comment-1.jpg]
[thegenius.co/html/weddlist/version-1/images/blog-single-page/blog-comment-2.jpg]
[thegenius.co/html/weddlist/version-1/images/blog-single-page/blog-comment-3.jpg]
[thegenius.co/html/weddlist/version-1/blog-detail.html]
[thegenius.co/html/weddlist/version-1/gallery-col3.html]
[thegenius.co/html/weddlist/version-1/gallery-col4.html]
[thegenius.co/html/weddlist/version-1/images/banner-2.jpg]
[thegenius.co/html/weddlist/version-1/couple-dashboard.html]
[thegenius.co/html/weddlist/version-1/couple-profile.html]
[thegenius.co/html/weddlist/version-1/faq.html]
[thegenius.co/html/weddlist/version-1/register.html]
[thegenius.co/html/weddlist/version-1/404.html]
[thegenius.co/html/weddlist/version-1/images/category-listing/category-list-1.jpg]
[thegenius.co/html/weddlist/version-1/images/category-listing/category-list-2.jpg]
[thegenius.co/html/weddlist/version-1/images/category-listing/category-list-3.jpg]
[thegenius.co/html/weddlist/version-1/images/category-listing/category-list-4.jpg]
[thegenius.co/html/weddlist/version-1/images/category-listing/category-list-5.jpg]
[thegenius.co/html/weddlist/version-1/images/category-listing/category-list-6.jpg]
[thegenius.co/html/weddlist/version-1/images/category-listing/category-list-7.jpg]
[thegenius.co/html/weddlist/version-1/images/category-listing/category-list-8.jpg]
[thegenius.co/html/weddlist/version-1/images/category-listing/category-list-9.jpg]
[thegenius.co/html/weddlist/version-1/category-listing.html]
[thegenius.co/html/weddlist/version-1/images/add-listing-page/add-listing-1.jpg]
[thegenius.co/html/weddlist/version-1/images/add-listing-page/add-listing-2.jpg]
[thegenius.co/html/weddlist/version-1/images/add-listing-page/add-listing-3.jpg]
[thegenius.co/html/weddlist/version-1/images/icons/map-marker-1-1.png]
[thegenius.co/html/weddlist/version-1/add-listing.html]
[thegenius.co/html/weddlist/version-1/js/jquery.mapit.js]
[thegenius.co/html/weddlist/version-1/listing-with-leftmap.html]
[thegenius.co/html/weddlist/version-1/listing-with-topmap.html]
[thegenius.co/html/weddlist/version-1/css/share-tooltip.css]
[thegenius.co/html/weddlist/version-1/images/new-listing-item-des/new-listing-gallery-1.jpg]
[thegenius.co/html/weddlist/version-1/images/new-listing-item-des/new-listing-gallery-2.jpg]
[thegenius.co/html/weddlist/version-1/images/new-listing-item-des/new-listing-gallery-3.jpg]
[thegenius.co/html/weddlist/version-1/images/new-listing-item-des/new-listing-gallery-4.jpg]
[thegenius.co/html/weddlist/version-1/images/new-listing-item-des/new-listing-gallery-5.jpg]
[thegenius.co/html/weddlist/version-1/images/new-listing-item-des/new-listing-gallery-6.jpg]
[thegenius.co/html/weddlist/version-1/new-listing-item-des.html]
[thegenius.co/html/weddlist/version-1/images/video-img.jpg]
[thegenius.co/html/weddlist/version-1/new-listing-item-related-video.html]
[thegenius.co/html/weddlist/version-1/images/blog-single-page/blog-comment-4.jpg]
[thegenius.co/html/weddlist/version-1/new-listing-item-review.html]
[thegenius.co/html/weddlist/version-1/images/vendor-profile/vendor-profile-1.jpg]
[thegenius.co/html/weddlist/version-1/new-listing-item-vendor-profile.html]
[thegenius.co/html/weddlist/version-1/manage-item-listing.html]
[thegenius.co/html/weddlist/version-1/vendor-dashboard.html]
[thegenius.co/html/weddlist/version-1/images/vendor-profile/vendor-profile-2.jpg]
[thegenius.co/html/weddlist/version-1/images/vendor-profile/vendor-profile-3.jpg]
[thegenius.co/html/weddlist/version-1/images/vendor-profile/vendor-profile-4.jpg]
[thegenius.co/html/weddlist/version-1/images/vendor-profile/vendor-profile-5.jpg]
[thegenius.co/html/weddlist/version-1/images/vendor-profile/vendor-profile-6.jpg]
[thegenius.co/html/weddlist/version-1/images/vendor-profile/vendor-profile-7.jpg]
[thegenius.co/html/weddlist/version-1/vendor-profile.html]
[thegenius.co/html/weddlist/version-1/budget-planner.html]
[thegenius.co/html/weddlist/version-1/pricing-table.html]
[thegenius.co/html/weddlist/version-1/to-do-list.html]
[thegenius.co/html/weddlist/version-1/guest-list.html]
[thegenius.co/html/weddlist/version-1/images/real-wedding-listing/upcoming-wedd-1.jpg]
[thegenius.co/html/weddlist/version-1/images/real-wedding-listing/sep-1.png]
[thegenius.co/html/weddlist/version-1/images/real-wedding-listing/upcoming-wedd-2.jpg]
[thegenius.co/html/weddlist/version-1/images/real-wedding-listing/upcoming-wedd-3.jpg]
[thegenius.co/html/weddlist/version-1/real-wedding-listing.html]
[thegenius.co/html/weddlist/version-1/images/couple-img.jpg]
[thegenius.co/html/weddlist/version-1/real-wedding-single-listing.html]
[thegenius.co/html/weddlist/version-1/contact-us.html]
[thegenius.co/html/weddlist/version-1/contact-us-2.html]
[thegenius.co/html/weddlist/version-1/contact-us-3.html]
[thegenius.co/html/weddlist/version-1/fonts/glyphicons-halflings-regular.html]
[thegenius.co/html/weddlist/version-1/fonts/glyphicons-halflings-regular.svg]
[thegenius.co/html/weddlist/version-1/revolution/fonts/revicons/revicons90c6.svg]
[thegenius.co/html/weddlist/version-1/revolution/css/openhand.html]
[thegenius.co/html/weddlist/version-1/revolution/css/closedhand.html]
[thegenius.co/html/weddlist/version-1/fonts/fontawesome-webfont3e6e.html]
[thegenius.co/html/weddlist/version-1/fonts/fontawesome-webfont3e6e.svg]
[thegenius.co/html/weddlist/version-1/css/owl.video.play.html]
[thegenius.co/html/weddlist/version-1/fonts/Flaticon.svg]
[thegenius.co/html/weddlist/version-1/css/Flaticon.html]
[thegenius.co/html/weddlist/version-1/css/share-tooltip.css]
[thegenius.co/html/weddlist/version-1/revolution/assets/gridtile.png]
[thegenius.co/html/weddlist/version-1/revolution/assets/gridtile_white.png]
